.4/lib/rspec/core/runner.rb:69:in `run'
        from C:/RailsInstaller/Ruby1.9.3/lib/ruby/gems/1.9.1/gems/rspec-core-2.6
.4/lib/rspec/core/runner.rb:11:in `block in autorun'

C:\Sites\sample_app>bundle exec rspec spec/requests/authentication_pages_spec.rb
 \-e "with invalid information"
DEPRECATION WARNING: The InstanceMethods module inside ActiveSupport::Concern wi
ll be no longer included automatically. Please define instance methods directly
in #<Class:0x4a0bc38> instead. (called from <top (required)> at C:/Sites/sample_
app/spec/requests/authentication_pages_spec.rb:3)
DEPRECATION WARNING: The InstanceMethods module inside ActiveSupport::Concern wi
ll be no longer included automatically. Please define instance methods directly
in #<Class:0x4a0bc38> instead. (called from <top (required)> at C:/Sites/sample_
app/spec/requests/authentication_pages_spec.rb:3)
DEPRECATION WARNING: The InstanceMethods module inside ActiveSupport::Concern wi
ll be no longer included automatically. Please define instance methods directly
in #<Class:0x4a0bc38> instead. (called from <top (required)> at C:/Sites/sample_
app/spec/requests/authentication_pages_spec.rb:3)
C:/RailsInstaller/Ruby1.9.3/lib/ruby/gems/1.9.1/gems/activesupport-3.2.1/lib/act
ive_support/dependencies.rb:245:in `load': cannot load such file -- C:/-e (LoadE
rror)
        from C:/RailsInstaller/Ruby1.9.3/lib/ruby/gems/1.9.1/gems/activesupport-
3.2.1/lib/active_support/dependencies.rb:245:in `block in load'
        from C:/RailsInstaller/Ruby1.9.3/lib/ruby/gems/1.9.1/gems/activesupport-
3.2.1/lib/active_support/dependencies.rb:236:in `load_dependency'
        from C:/RailsInstaller/Ruby1.9.3/lib/ruby/gems/1.9.1/gems/activesupport-
3.2.1/lib/active_support/dependencies.rb:245:in `load'
        from C:/RailsInstaller/Ruby1.9.3/lib/ruby/gems/1.9.1/gems/rspec-core-2.6
.4/lib/rspec/core/configuration.rb:419:in `block in load_spec_files'
        from C:/RailsInstaller/Ruby1.9.3/lib/ruby/gems/1.9.1/gems/rspec-core-2.6
.4/lib/rspec/core/configuration.rb:419:in `map'
        from C:/RailsInstaller/Ruby1.9.3/lib/ruby/gems/1.9.1/gems/rspec-core-2.6
.4/lib/rspec/core/configuration.rb:419:in `load_spec_files'
        from C:/RailsInstaller/Ruby1.9.3/lib/ruby/gems/1.9.1/gems/rspec-core-2.6
.4/lib/rspec/core/command_line.rb:18:in `run'
        from C:/RailsInstaller/Ruby1.9.3/lib/ruby/gems/1.9.1/gems/rspec-core-2.6
.4/lib/rspec/core/runner.rb:80:in `run_in_process'
        from C:/RailsInstaller/Ruby1.9.3/lib/ruby/gems/1.9.1/gems/rspec-core-2.6
.4/lib/rspec/core/runner.rb:69:in `run'
        from C:/RailsInstaller/Ruby1.9.3/lib/ruby/gems/1.9.1/gems/rspec-core-2.6
.4/lib/rspec/core/runner.rb:11:in `block in autorun'

C:\Sites\sample_app>bundle install
Fetching source index for https://rubygems.org/
Using rake (0.9.2.2)
Using i18n (0.6.0)
Using multi_json (1.3.2)
Using activesupport (3.2.1)
Using builder (3.0.0)
Using activemodel (3.2.1)
Using erubis (2.7.0)
Using journey (1.0.3)
Using rack (1.4.1)
Using rack-cache (1.2)
Using rack-test (0.6.1)
Using hike (1.2.1)
Using tilt (1.3.3)
Using sprockets (2.1.2)
Using actionpack (3.2.1)
Using mime-types (1.18)
Using polyglot (0.3.3)
Using treetop (1.4.10)
Using mail (2.4.4)
Using actionmailer (3.2.1)
Using arel (3.0.2)
Using tzinfo (0.3.33)
Using activerecord (3.2.1)
Using activeresource (3.2.1)
Using addressable (2.2.7)
Using annotate (2.4.1.beta1)
Using bcrypt-ruby (3.0.1)
Using bootstrap-sass (2.0.0)
Using bundler (1.0.22)
Using nokogiri (1.5.2)
Using ffi (1.0.11)
Using childprocess (0.3.2)
Using libwebsocket (0.1.3)
Using rubyzip (0.9.7)
Using selenium-webdriver (2.21.2)
Using xpath (0.1.4)
Using capybara (1.1.2)
Using coffee-script-source (1.3.1)
Using execjs (1.3.0)
Using coffee-script (2.2.0)
Using rack-ssl (1.3.2)
Using json (1.6.6)
Using rdoc (3.12)
Using thor (0.14.6)
Using railties (3.2.1)
Using coffee-rails (3.2.2)
Using diff-lcs (1.1.3)
Installing gherkin (2.10.0)
Installing cucumber (1.2.0)
Installing cucumber-rails (1.2.1)
Using daemons (1.1.8)
Installing database_cleaner (0.7.0)
Using eventmachine (1.0.0.beta.2)
Using factory_girl (2.3.2)
Using factory_girl_rails (1.4.0)
Using jquery-rails (2.0.2)
Using rails (3.2.1)
Using rspec-core (2.6.4)
Using rspec-expectations (2.6.0)
Using rspec-mocks (2.6.0)
Using rspec (2.6.0)
Using rspec-rails (2.6.1)
Using sass (3.1.16)
Using sass-rails (3.2.5)
Using sqlite3 (1.3.5)
Using thin (1.3.1)
Using uglifier (1.2.4)
Your bundle is complete! Use `bundle show [gemname]` to see where a bundled gem
is installed.

C:\Sites\sample_app>rails generate cucumber:install
      create  config/cucumber.yml
      create  script/cucumber
       chmod  script/cucumber
      create  features/step_definitions
      create  features/support
      create  features/support/env.rb
       exist  lib/tasks
      create  lib/tasks/cucumber.rake
        gsub  config/database.yml
        gsub  config/database.yml
       force  config/database.yml

C:\Sites\sample_app>bundle exec cucumber features/
Using the default profile...
Feature: Signing in

  Scenario: Unsuccessful signin                # features\signing_in.feature:3
    Given a user visits the signin page        # features\signing_in.feature:4
      Undefined step: "a user visits the signin page" (Cucumber::Undefined)
      features\signing_in.feature:4:in `Given a user visits the signin page'
    When he submits invalid signin information # features\signing_in.feature:5
      Undefined step: "he submits invalid signin information" (Cucumber::Undefin
ed)
      features\signing_in.feature:5:in `When he submits invalid signin informati
on'
    Then he should see an error message        # features\signing_in.feature:6
      Undefined step: "he should see an error message" (Cucumber::Undefined)
      features\signing_in.feature:6:in `Then he should see an error message'

  Scenario: Successful signin                     # features\signing_in.feature:
8
    Given a user visits the signin page           # features\signing_in.feature:
9
      Undefined step: "a user visits the signin page" (Cucumber::Undefined)
      features\signing_in.feature:9:in `Given a user visits the signin page'
    And the user has an account                   # features\signing_in.feature:
10
      Undefined step: "the user has an account" (Cucumber::Undefined)
      features\signing_in.feature:10:in `And the user has an account'
    And the user submits valid signin information # features\signing_in.feature:
11
      Undefined step: "the user submits valid signin information" (Cucumber::Und
efined)
      features\signing_in.feature:11:in `And the user submits valid signin infor
mation'
    Then he should see his profile page           # features\signing_in.feature:
12
      Undefined step: "he should see his profile page" (Cucumber::Undefined)
      features\signing_in.feature:12:in `Then he should see his profile page'
    And he should see a signout link              # features\signing_in.feature:
13
      Undefined step: "he should see a signout link" (Cucumber::Undefined)
      features\signing_in.feature:13:in `And he should see a signout link'

2 scenarios (2 undefined)
8 steps (8 undefined)
0m6.289s

You can implement step definitions for undefined steps with these snippets:

Given /^a user visits the signin page$/ do
  pending # express the regexp above with the code you wish you had
end

When /^he submits invalid signin information$/ do
  pending # express the regexp above with the code you wish you had
end

Then /^he should see an error message$/ do
  pending # express the regexp above with the code you wish you had
end

Given /^the user has an account$/ do
  pending # express the regexp above with the code you wish you had
end

Given /^the user submits valid signin information$/ do
  pending # express the regexp above with the code you wish you had
end

Then /^he should see his profile page$/ do
  pending # express the regexp above with the code you wish you had
end

Then /^he should see a signout link$/ do
  pending # express the regexp above with the code you wish you had
end


C:\Sites\sample_app>bundle exec cucumber features/
Using the default profile...
Feature: Signing in

  Scenario: Unsuccessful signin                # features\signing_in.feature:3
    Given a user visits the signin page        # features/step_definitions/authe
ntication_steps.rb:1
    When he submits invalid signin information # features/step_definitions/authe
ntication_steps.rb:5
    Then he should see an error message        # features/step_definitions/authe
ntication_steps.rb:9

  Scenario: Successful signin                     # features\signing_in.feature:
8
    Given a user visits the signin page           # features/step_definitions/au
thentication_steps.rb:1
    And the user has an account                   # features\signing_in.feature:
10
      Undefined step: "the user has an account" (Cucumber::Undefined)
      features\signing_in.feature:10:in `And the user has an account'
    And the user submits valid signin information # features\signing_in.feature:
11
      Undefined step: "the user submits valid signin information" (Cucumber::Und
efined)
      features\signing_in.feature:11:in `And the user submits valid signin infor
mation'
    Then he should see his profile page           # features\signing_in.feature:
12
      Undefined step: "he should see his profile page" (Cucumber::Undefined)
      features\signing_in.feature:12:in `Then he should see his profile page'
    And he should see a signout link              # features\signing_in.feature:
13
      Undefined step: "he should see a signout link" (Cucumber::Undefined)
      features\signing_in.feature:13:in `And he should see a signout link'

2 scenarios (1 undefined, 1 passed)
8 steps (4 undefined, 4 passed)
0m8.387s

You can implement step definitions for undefined steps with these snippets:

Given /^the user has an account$/ do
  pending # express the regexp above with the code you wish you had
end

Given /^the user submits valid signin information$/ do
  pending # express the regexp above with the code you wish you had
end

Then /^he should see his profile page$/ do
  pending # express the regexp above with the code you wish you had
end

Then /^he should see a signout link$/ do
  pending # express the regexp above with the code you wish you had
end


C:\Sites\sample_app>bundle exec cucumber features/
Using the default profile...
Feature: Signing in

  Scenario: Unsuccessful signin                # features\signing_in.feature:3
    Given a user visits the signin page        # features/step_definitions/authe
ntication_steps.rb:1
    When he submits invalid signin information # features/step_definitions/authe
ntication_steps.rb:5
    Then he should see an error message        # features/step_definitions/authe
ntication_steps.rb:9

  Scenario: Successful signin                     # features\signing_in.feature:
8
    Given a user visits the signin page           # features/step_definitions/au
thentication_steps.rb:1
    And the user has an account                   # features/step_definitions/au
thentication_steps.rb:12
    And the user submits valid signin information # features/step_definitions/au
thentication_steps.rb:17
    Then he should see his profile page           # features/step_definitions/au
thentication_steps.rb:24
      expected css "title" with text "Example User" to return something (RSpec::
Expectations::ExpectationNotMetError)
      ./features/step_definitions/authentication_steps.rb:25:in `/^he should see
 his profile page$/'
      features\signing_in.feature:12:in `Then he should see his profile page'
    And he should see a signout link              # features/step_definitions/au
thentication_steps.rb:28

Failing Scenarios:
cucumber features\signing_in.feature:8 # Scenario: Successful signin

2 scenarios (1 failed, 1 passed)
8 steps (1 failed, 1 skipped, 6 passed)
0m8.917s

C:\Sites\sample_app>